1 1
admin admin
Admin Admin
a a
b b
c c
abc abc
o2o o2o
abc123 abc123
Abc Abc
db2 db2
packer packer
packer 9998221
root toor
jivov kernel
jivov jivov
root root
bdos bdos
root roomend
ubuntu ubuntu
ubuntu 123456
root 123456
root 123qwe
root 1234567
root 12345678
root 123456789
root 1234567890
steam steam
steam 123456
user user
user 123456
postgres postgres
postgres 123456
test test
test 123456
share share
a1 a1
863case 863case
oracle oracle
oracle 123456
testuser testuser
ts ts
ts3 ts3
teamspeak teamspeak
teamspeak3 teamspeak3
minecraft minecraft
ftpuser ftpuser
ftpuser 123456
ftp ftp
kslab kslab
www www
glassfish glassfish
nginx nginx
unbt ubnt
cas-nghinx cas-nghinx
mgeweb mgeweb
web web
allan allan
!@#$%^ !@#$%^
!@#$%^&*() !@#$%^&*()
0000 0000
user2 user2
user3 user3
user4 user4
userssh userssh
vagrant vagrant
unicorn unicorn
tmp tmp
uftp uftp
usbmux usbmux
vps vps
vnc vnc
webadmin webadmin
weblogic weblogic
webmaster webmaster
guest guest
xguest xguest
zhw zhw
zhz zhz
redhat redhat
!root !root
plexuser plexuser
php php
osmc osmc
root !root
syslog syslog
sxl sxl
sudo sudo
support support
spark spark
solr solr
sql sql
Thomas
vivian vivian
vrich vrich
odoo odoo
nvidia nvidia
postgres1 postgres1
redis redis
qin qin
qtss qtss
ghost ghost
git git
git 123456
grid grid
Candice Candice
fff fff
es es
dev dev
deploy deploy
dff dff
engineer engineer
dpsace dpsace
db db
daemon daemon
butter butter
butter xuelp123456
root 123
root 1234
root 12345
root !Q@W#E4r5t6y
root admin
root 0
root 0000
root 123qweasd
root 1qaz2wsx
root 1qaz1QAZ
Demegillo Demegillo
root 1q2w3e4r
root 1q2w3e$R
apjunio apjunio
jr jr
Jr Jr
Ccc Ccc
root password
root p@ssw0rd
butter 123456
rjdemegillo rjdemegillo
butter xuelp123
apache apache
atjacinto atjacinto
jacinto jacinto
apache2 apache2
administrator administrator
Salvador Salvador
fasalvador fasalvador
aaa aaaa
111111 111111
root 111111